{"level":"info","time":"2026-07-10T08:59:54Z","message":"Thank you for trying Cloudflare Tunnel. Doing so, without a Cloudflare account, is a quick way to experiment and try it out. However, be aware that these account-less Tunnels have no uptime guarantee, are subject to the Cloudflare Online Services Terms of Use (https://www.cloudflare.com/website-terms/), and Cloudflare reserves the right to investigate your use of Tunnels for violations of such terms. If you intend to use Tunnels in production you should use a pre-created named tunnel by following: https://developers.cloudflare.com/cloudflare-one/connections/connect-apps"}
{"level":"info","time":"2026-07-10T08:59:54Z","message":"Requesting new quick Tunnel on trycloudflare.com..."}
{"level":"info","time":"2026-07-10T08:59:59Z","message":"+--------------------------------------------------------------------------------------------+"}
{"level":"info","time":"2026-07-10T08:59:59Z","message":"|  Your quick Tunnel has been created! Visit it at (it may take some time to be reachable):  |"}
{"level":"info","time":"2026-07-10T08:59:59Z","message":"|  https://dragon-upgrading-june-origin.trycloudflare.com                                    |"}
{"level":"info","time":"2026-07-10T08:59:59Z","message":"+--------------------------------------------------------------------------------------------+"}
{"level":"info","time":"2026-07-10T08:59:59Z","message":"Cannot determine default configuration path. No file [config.yml config.yaml] in [~/.cloudflared ~/.cloudflare-warp ~/cloudflare-warp]"}
{"level":"info","time":"2026-07-10T08:59:59Z","message":"Version 2026.7.1 (Checksum ccb0756de288d3c2c076d19764ca53e0849a10f2dd9c23f8656ac42bdeb45001)"}
{"level":"info","time":"2026-07-10T08:59:59Z","message":"GOOS: windows, GOVersion: go1.26.4, GoArch: amd64"}
{"level":"info","time":"2026-07-10T08:59:59Z","message":"Settings: map[ha-connections:1 logfile:c:\\Users\\keyjiang\\CodeBuddy\\20260623230426\\_tunnel.log loglevel:info p:http2 protocol:http2 url:http://localhost:5173]"}
{"level":"info","time":"2026-07-10T08:59:59Z","message":"cloudflared will not automatically update on Windows systems."}
{"level":"info","time":"2026-07-10T08:59:59Z","message":"Generated Connector ID: 6e08729b-4859-450c-af69-f84d5a5e600c"}
{"level":"info","time":"2026-07-10T08:59:59Z","message":"Initial protocol http2"}
{"level":"info","time":"2026-07-10T08:59:59Z","message":"ICMP proxy will use 30.29.64.125 as source for IPv4"}
{"level":"info","time":"2026-07-10T08:59:59Z","message":"ICMP proxy will use fe80::6b09:c15b:6e04:da75 in zone 以太网 as source for IPv6"}
{"level":"info","time":"2026-07-10T08:59:59Z","message":"cloudflared does not support loading the system root certificate pool on Windows. Please use --origin-ca-pool <PATH> to specify the path to the certificate pool"}
{"level":"info","time":"2026-07-10T08:59:59Z","message":"ICMP proxy will use 30.29.64.125 as source for IPv4"}
{"level":"info","event":0,"ip":"198.41.192.167","connIndex":0,"time":"2026-07-10T08:59:59Z","message":"Tunnel connection curve preferences: [X25519MLKEM768 CurveID(65074) CurveP256]"}
{"level":"info","time":"2026-07-10T08:59:59Z","message":"ICMP proxy will use fe80::6b09:c15b:6e04:da75 in zone 以太网 as source for IPv6"}
{"level":"info","time":"2026-07-10T08:59:59Z","message":"Starting metrics server on 127.0.0.1:20241/metrics"}
{"level":"info","event":0,"connection":"c270d0d4-43bd-4142-abfb-45b1d11626b1","connIndex":0,"location":"hkg09","ip":"198.41.192.167","protocol":"http2","time":"2026-07-10T09:00:00Z","message":"Registered tunnel connection"}
{"level":"info","time":"2026-07-10T09:00:09Z","message":"+-----------------------------------------------------------------------------------------------+"}
{"level":"info","time":"2026-07-10T09:00:09Z","message":"|                                    CONNECTIVITY PRE-CHECKS                                    |"}
{"level":"info","time":"2026-07-10T09:00:09Z","message":"+-----------------------------------------------------------------------------------------------+"}
{"level":"info","time":"2026-07-10T09:00:09Z","message":"|  COMPONENT         TARGET                     STATUS  DETAILS                                 |"}
{"level":"info","time":"2026-07-10T09:00:09Z","message":"|  DNS Resolution    region1.v2.argotunnel.com  PASS    DNS Resolved successfully               |"}
{"level":"info","time":"2026-07-10T09:00:09Z","message":"|  DNS Resolution    region2.v2.argotunnel.com  PASS    DNS Resolved successfully               |"}
{"level":"info","time":"2026-07-10T09:00:09Z","message":"|  UDP Connectivity  region1.v2.argotunnel.com  FAIL    QUIC connection failed                  |"}
{"level":"info","time":"2026-07-10T09:00:09Z","message":"|  UDP Connectivity  region2.v2.argotunnel.com  FAIL    QUIC connection failed                  |"}
{"level":"info","time":"2026-07-10T09:00:09Z","message":"|  TCP Connectivity  region1.v2.argotunnel.com  PASS    HTTP/2 connection successful            |"}
{"level":"info","time":"2026-07-10T09:00:09Z","message":"|  TCP Connectivity  region2.v2.argotunnel.com  PASS    HTTP/2 connection successful            |"}
{"level":"info","time":"2026-07-10T09:00:09Z","message":"|  Cloudflare API    api.cloudflare.com:443     PASS    API is reachable                        |"}
{"level":"info","time":"2026-07-10T09:00:09Z","message":"|  WARNING: Allow outbound QUIC traffic on port 7844 or use HTTP2.                              |"}
{"level":"info","time":"2026-07-10T09:00:09Z","message":"|  WARNING: Allow outbound QUIC traffic on port 7844 or use HTTP2.                              |"}
{"level":"info","time":"2026-07-10T09:00:09Z","message":"|                                                                                               |"}
{"level":"info","time":"2026-07-10T09:00:09Z","message":"|  SUMMARY: Environment ready with degraded transport. cloudflared will proceed using 'http2'.  |"}
{"level":"info","time":"2026-07-10T09:00:09Z","message":"+-----------------------------------------------------------------------------------------------+"}
{"level":"info","run_id":"0c1051d8-9add-4dbe-b044-340c8c40d0b1","component":"DNS Resolution","target":"region1.v2.argotunnel.com","status":"pass","details":"DNS Resolved successfully","time":"2026-07-10T09:00:09Z","message":"precheck"}
{"level":"info","run_id":"0c1051d8-9add-4dbe-b044-340c8c40d0b1","component":"DNS Resolution","target":"region2.v2.argotunnel.com","status":"pass","details":"DNS Resolved successfully","time":"2026-07-10T09:00:09Z","message":"precheck"}
{"level":"info","run_id":"0c1051d8-9add-4dbe-b044-340c8c40d0b1","component":"UDP Connectivity","target":"region1.v2.argotunnel.com","status":"fail","details":"QUIC connection failed","time":"2026-07-10T09:00:09Z","message":"precheck"}
{"level":"info","run_id":"0c1051d8-9add-4dbe-b044-340c8c40d0b1","component":"UDP Connectivity","target":"region2.v2.argotunnel.com","status":"fail","details":"QUIC connection failed","time":"2026-07-10T09:00:09Z","message":"precheck"}
{"level":"info","run_id":"0c1051d8-9add-4dbe-b044-340c8c40d0b1","component":"TCP Connectivity","target":"region1.v2.argotunnel.com","status":"pass","details":"HTTP/2 connection successful","time":"2026-07-10T09:00:09Z","message":"precheck"}
{"level":"info","run_id":"0c1051d8-9add-4dbe-b044-340c8c40d0b1","component":"TCP Connectivity","target":"region2.v2.argotunnel.com","status":"pass","details":"HTTP/2 connection successful","time":"2026-07-10T09:00:09Z","message":"precheck"}
{"level":"info","run_id":"0c1051d8-9add-4dbe-b044-340c8c40d0b1","component":"Cloudflare API","target":"api.cloudflare.com:443","status":"pass","details":"API is reachable","time":"2026-07-10T09:00:09Z","message":"precheck"}
{"level":"info","run_id":"0c1051d8-9add-4dbe-b044-340c8c40d0b1","hard_fail":false,"suggested_protocol":"http2","time":"2026-07-10T09:00:09Z","message":"precheck complete"}
{"level":"error","event":1,"connIndex":0,"originService":"http://localhost:5173","ingressRule":0,"error":"Incoming request ended abruptly: context canceled","time":"2026-07-10T09:03:11Z"}
{"level":"error","error":"Failed to proxy HTTP: Incoming request ended abruptly: context canceled","time":"2026-07-10T09:03:11Z","message":"failed to serve incoming request"}
{"level":"error","event":1,"connIndex":0,"originService":"http://localhost:5173","ingressRule":0,"error":"Incoming request ended abruptly: context canceled","time":"2026-07-10T09:03:12Z"}
{"level":"error","error":"Failed to proxy HTTP: Incoming request ended abruptly: context canceled","time":"2026-07-10T09:03:12Z","message":"failed to serve incoming request"}
{"level":"error","event":1,"connIndex":0,"originService":"http://localhost:5173","ingressRule":0,"error":"http2: stream closed","time":"2026-07-10T09:03:12Z"}
{"level":"error","error":"Failed to proxy HTTP: http2: stream closed","time":"2026-07-10T09:03:12Z","message":"failed to serve incoming request"}
{"level":"error","event":1,"connIndex":0,"originService":"http://localhost:5173","ingressRule":0,"error":"Incoming request ended abruptly: context canceled","time":"2026-07-10T09:03:13Z"}
{"level":"error","error":"Failed to proxy HTTP: Incoming request ended abruptly: context canceled","time":"2026-07-10T09:03:13Z","message":"failed to serve incoming request"}
{"level":"error","event":1,"connIndex":0,"originService":"http://localhost:5173","ingressRule":0,"error":"Incoming request ended abruptly: context canceled","time":"2026-07-10T09:03:13Z"}
{"level":"error","error":"Failed to proxy HTTP: Incoming request ended abruptly: context canceled","time":"2026-07-10T09:03:13Z","message":"failed to serve incoming request"}
